2025-06-23 06:28:13 - 0.1.4 -> 0.1.5 (patch)
2025-06-23 06:28:32 - 0.1.5 -> 0.1.5 (ver)
2025-06-23 06:29:03 - 0.1.6 -> 0.1.7 (ver)
2025-06-23 06:46:28 - 0.1.7 -> 1.5.7 (ver)
2025-06-23 06:46:53 - 1.5.7 -> 1.5.7 (ver)
2025-06-23 06:46:53 - 1.5.7 -> 0.0.1 (ver down)
2025-06-23 07:34:32 - 0.0.1 -> 1.2.2 (ver)
2025-06-23 07:40:43 - 1.2.2 -> 1.2.3 (ver)
2025-06-23 07:41:56 - 1.2.9 -> 1.3.3 (ver)
2025-06-23 07:43:25 - 1.3.3 -> 1.3.3 (ver)
2025-06-23 07:46:50 - 1.3.3 -> 1.3.3 (ver)
2025-06-23 07:47:40 - 1.3.3 -> 1.1.3 (ver down)
2025-06-23 08:04:54 - 1.1.3 -> 1.2.4 (ver)
2025-06-23 08:08:17 - 1.2.4 -> 1.2.5 (ver)
2025-06-23 08:10:15 - 1.2.5 -> 1.2.6 (ver)
2025-06-23 08:21:52 - 1.2.6 -> 1.2.7 (ver)
2025-06-23 08:22:28 - 1.2.7 -> 1.2.8 (ver)
2025-06-23 08:32:25 - 1.2.8 -> 1.2.9 (patch)
2025-06-23 08:32:39 - 1.2.9 -> 1.2.10 (patch)
2025-06-23 08:33:00 - 1.2.10 -> 1.2.11 (patch)
2025-06-23 08:33:11 - 1.2.11 -> 1.2.12 (patch)
2025-06-23 08:33:43 - 1.2.12 -> 1.2.9 (ver down)
2025-06-23 08:34:41 - 1.2.9 -> 1.2.11 (ver)
2025-06-23 08:36:52 - 1.2.11 -> 1.2.10 (ver down)
2025-06-23 08:37:33 - 1.2.10 -> 1.2.19 (ver)
2025-06-23 08:46:03 - 1.2.19 -> 1.2.21 (ver)
2025-06-23 08:47:59 - 1.2.21 -> 1.2.10 (ver down)
2025-06-23 09:50:51 - 1.2.10 -> 1.2.22 (ver)
2025-06-23 09:51:38 - 1.2.22 -> 1.2.21 (ver)
2025-06-23 10:01:05 - 1.2.21 -> 1.2.20 (ver down)
2025-06-23 10:05:25 - 1.2.20 -> 1.2.21 (patch)
2025-06-23 10:05:33 - 1.2.21 -> 1.2.22 (patch)
2025-06-23 10:06:21 - 1.2.22 -> 1.2.19 (ver down)
2025-06-23 10:09:41 - 1.2.19 -> 1.2.18 (ver down)
2025-06-23 10:12:26 - 1.2.18 -> 1.2.19 (ver)
2025-06-23 10:12:32 - 1.2.19 -> 1.2.20 (ver)
2025-06-23 10:12:37 - 1.2.20 -> 1.2.21 (patch)
2025-06-23 10:12:40 - 1.2.21 -> 1.2.22 (patch)
2025-06-23 10:12:44 - 1.2.22 -> 1.2.23 (patch)
2025-06-23 10:20:58 - 1.2.23 -> 1.2.24 (ver)
2025-06-23 10:21:02 - 1.2.24 -> 1.2.25 (patch)
2025-06-23 10:21:46 - 1.2.25 -> 1.2.26 (patch)
2025-06-23 10:22:48 - 1.2.26 -> 1.2.27 (patch)
2025-06-23 10:23:16 - 1.2.27 -> 1.2.19 (ver down)
2025-06-23 10:23:49 - 1.2.19 -> 1.2.18 (ver down)
2025-06-23 10:23:56 - 1.2.18 -> 1.2.19 (ver)
2025-06-23 10:24:15 - 1.2.19 -> 1.2.20 (patch)
2025-06-23 10:24:26 - 1.2.20 -> 1.2.21 (patch)
2025-06-23 10:26:28 - 1.2.21 -> 1.2.19 (ver down)
2025-06-23 10:27:39 - 1.2.19 -> 1.2.20 (patch)
2025-06-23 10:30:13 - 1.2.20 -> 1.2.21 (patch)
2025-06-23 10:30:30 - 1.2.21 -> 1.2.19 (ver down)
2025-06-23 10:44:41 - 1.2.19 -> 1.2.21 (ver)
2025-06-23 10:44:53 - 1.2.21 -> 1.2.20 (ver down)
2025-06-23 10:45:17 - 1.2.20 -> 1.2.19 (ver down)
2025-06-23 10:45:30 - 1.2.19 -> 1.2.18 (ver down)
2025-06-23 10:45:44 - 1.2.18 -> 1.2.17 (ver down)
2025-06-23 10:45:52 - 1.2.17 -> 1.2.18 (patch)
2025-06-23 10:46:56 - 1.2.18 -> 1.2.19 (patch)
2025-06-23 10:54:46 - 1.2.19 -> 1.2.20 (patch)
2025-06-23 10:54:53 - 1.2.20 -> 1.2.21 (patch)
2025-06-23 10:54:57 - 1.2.21 -> 1.2.17 (ver down)
2025-06-23 10:55:04 - 1.2.17 -> 1.2.11 (ver down)
2025-06-23 10:55:08 - 1.2.11 -> 1.2.12 (ver)
2025-06-23 10:55:23 - 1.2.12 -> 1.2.22 (ver)
2025-06-23 10:55:50 - 1.2.22 -> 1.2.23 (ver)
2025-06-23 10:56:23 - 1.2.23 -> 1.2.24 (patch)
2025-06-23 11:06:08 - 1.2.24 -> 1.2.25 (patch)
2025-06-23 11:06:28 - 1.2.25 -> 1.2.26 (patch)
2025-06-23 11:14:01 - 1.2.26 -> 1.4.0 (ver)
2025-06-23 11:14:21 - 1.4.0 -> 1.3.9 (ver down)
2025-06-23 11:14:34 - 1.3.9 -> 1.4.0 (ver)
2025-06-23 11:14:40 - 1.4.0 -> 1.4.1 (ver)
2025-06-23 11:14:44 - 1.4.1 -> 1.4.0 (ver down)
2025-06-23 11:16:32 - 1.4.0 -> 1.4.2 (ver)
2025-06-23 11:16:51 - 1.4.2 -> 1.4.3 (ver)
2025-06-23 11:17:07 - 1.4.3 -> 1.4.1 (ver down)
2025-06-23 11:17:30 - 1.4.1 -> 1.4.2 (patch)
2025-06-23 11:18:01 - 1.4.2 -> 1.4.3 (patch)
2025-06-23 11:18:16 - 1.4.3 -> 1.5.0 (minor)
2025-06-23 11:18:27 - 1.5.0 -> 2.0.0 (major)
2025-06-23 11:18:34 - 2.0.0 -> 2.0.1 (patch)
2025-06-23 11:18:51 - 2.0.1 -> 1.7.2 (ver down)
2025-06-23 11:24:54 - 1.7.2 -> 1.4.0 (ver down)
2025-06-23 11:25:00 - 1.4.0 -> 1.4.1 (ver)
2025-06-23 11:25:43 - 1.4.1 -> 1.4.2 (patch)
2025-06-23 11:25:53 - 1.4.2 -> 1.4.3 (patch)
2025-06-23 11:26:15 - 1.4.3 -> 3.4.1 (ver)
2025-06-23 12:06:44 - 3.4.1 -> 1.7.2 (ver down)
2025-06-23 12:06:53 - 1.7.2 -> 1.7.3 (patch)
2025-06-23 12:06:56 - 1.7.3 -> 1.7.2 (ver down)
2025-06-23 12:07:33 - 1.7.2 -> 1.7.1 (ver down)
2025-06-23 12:08:27 - 1.7.1 -> 1.4.2 (ver down)
